13:57:42 **** Incremental Build of configuration Debug for project CANtest ****
make -j20 all 
arm-none-eabi-gcc "../Core/Src/main.c" -mcpu=cortex-m4 -std=gnu11 -g3 -DDEBUG -DUSE_HAL_DRIVER -DSTM32F405xx -c -I../Core/Inc -I../Drivers/STM32F4xx_HAL_Driver/Inc -I../Drivers/STM32F4xx_HAL_Driver/Inc/Legacy -I../Drivers/CMSIS/Device/ST/STM32F4xx/Include -I../Drivers/CMSIS/Include -I../USB_DEVICE/App -I../USB_DEVICE/Target -I../Middlewares/ST/STM32_USB_Device_Library/Core/Inc -I../Middlewares/ST/STM32_USB_Device_Library/Class/CDC/Inc -O0 -ffunction-sections -fdata-sections -Wall -fstack-usage -fcyclomatic-complexity -MMD -MP -MF"Core/Src/main.d" -MT"Core/Src/main.o" --specs=nano.specs -mfpu=fpv4-sp-d16 -mfloat-abi=hard -mthumb -o "Core/Src/main.o"
arm-none-eabi-gcc -o "CANtest.elf" @"objects.list"   -mcpu=cortex-m4 -T"C:\Users\ktp21\STM32CubeIDE\workspace_1.12.0\CANtest\STM32F405RGTX_FLASH.ld" --specs=nosys.specs -Wl,-Map="CANtest.map" -Wl,--gc-sections -static --specs=nano.specs -mfpu=fpv4-sp-d16 -mfloat-abi=hard -mthumb -Wl,--start-group -lc -lm -Wl,--end-group
Finished building target: CANtest.elf
 
arm-none-eabi-size   CANtest.elf 
arm-none-eabi-objdump -h -S  CANtest.elf  > "CANtest.list"
   text	   data	    bss	    dec	    hex	filename
  32716	    260	   8900	  41876	   a394	CANtest.elf
Finished building: default.size.stdout
 
Finished building: CANtest.list
 

13:57:43 Build Finished. 0 errors, 0 warnings. (took 500ms)

